To honour the JVM settings for this build a single-use Daemon process will be forked. For more on this, please refer to https://docs.gradle.org/8.8/userguide/gradle_daemon.html#sec:disabling_the_daemon in the Gradle documentation.
Daemon will be stopped at the end of the build 

> Configure project :
MixinGradle is skipping eclipse integration, extension not found
Java: 17.0.18, JVM: 17.0.18+8 (Eclipse Adoptium), Arch: amd64

> Task :downloadMcpConfig
> Task :extractSrg UP-TO-DATE
> Task :createMcpToSrg UP-TO-DATE

> Task :compileJava
注: SpongePowered MIXIN Annotation Processor Version=0.8.5 (MixinGradle Version=0.7.38)
注: Supported obfuscation types: ObfuscationServiceMCP supports [notch] ObfuscationServiceFG3 supports [searge]
注: Loading searge mappings from H:\MinecraftMods\DynamicSurroundingsFroge-1.20.1\build\createMcpToSrg\output.tsrg
注: Writing refmap to H:\MinecraftMods\DynamicSurroundingsFroge-1.20.1\build\tmp\compileJava\compileJava-refmap.json
注: Writing refmap to H:\MinecraftMods\DynamicSurroundingsFroge-1.20.1\build\tmp\compileJava\compileJava-refmap.json
注: Writing searge composite mappings to H:\MinecraftMods\DynamicSurroundingsFroge-1.20.1\build\tmp\compileJava\compileJava-mappings.tsrg
注: Writing refmap to H:\MinecraftMods\DynamicSurroundingsFroge-1.20.1\build\tmp\compileJava\compileJava-refmap.json
注: Writing refmap to H:\MinecraftMods\DynamicSurroundingsFroge-1.20.1\build\tmp\compileJava\compileJava-refmap.json
注: Writing searge composite mappings to H:\MinecraftMods\DynamicSurroundingsFroge-1.20.1\build\tmp\compileJava\compileJava-mappings.tsrg
H:\MinecraftMods\DynamicSurroundingsFroge-1.20.1\src\main\java\org\orecruncher\dsurround\lib\footsteps\AcousticsManager.java:50: 错误: 找不到符号
        Constants.LOGGER.info("Initializing Acoustics Manager");
                 ^
  符号:   变量 LOGGER
  位置: 类 Constants
H:\MinecraftMods\DynamicSurroundingsFroge-1.20.1\src\main\java\org\orecruncher\dsurround\lib\footsteps\AcousticsManager.java:62: 错误: 找不到符号
        Constants.LOGGER.info("Registered {} acoustic profiles and {} block mappings",
                 ^
  符号:   变量 LOGGER
  位置: 类 Constants
注: 某些输入文件使用或覆盖了已过时的 API。
注: 有关详细信息, 请使用 -Xlint:deprecation 重新编译。
注: H:\MinecraftMods\DynamicSurroundingsFroge-1.20.1\src\main\java\org\orecruncher\dsurround\mixins\core\MixinClientWorld.java使用了未经检查或不安全的操作。
注: 有关详细信息, 请使用 -Xlint:unchecked 重新编译。
2 个错误

> Task :compileJava FAILED

FAILURE: Build failed with an exception.

* What went wrong:
Execution failed for task ':compileJava'.
> Compilation failed; see the compiler error output for details.

* Try:
> Run with --info option to get more log output.
> Run with --scan to get full insights.

Deprecated Gradle features were used in this build, making it incompatible with Gradle 9.0.

You can use '--warning-mode all' to show the individual deprecation warnings and determine if they come from your own scripts or plugins.

For more on this, please refer to https://docs.gradle.org/8.8/userguide/command_line_interface.html#sec:command_line_warnings in the Gradle documentation.

BUILD FAILED in 35s
4 actionable tasks: 2 executed, 2 up-to-date
